// Vitest Snapshot v1, https://vitest.dev/guide/snapshot.html

exports[`Navbar > matches snapshot 1`] = `
{
  "asFragment": [Function],
  "baseElement": <body>
    <div>
      <nav
        class="_navbar_3eb8eb"
        data-testid="navbar"
      >
        <img
          alt="Product logo"
          class="_logo_3eb8eb"
          src="/src/assets/images/logo.webp"
        />
        <ul
          class="_links_3eb8eb"
        >
          <li>
            <a
              href="/"
            >
              Home
            </a>
          </li>
          <li>
            <a
              href="/"
            >
              Products
            </a>
          </li>
          <li>
            <a
              href="/"
            >
              About
            </a>
          </li>
        </ul>
        <button
          aria-label="You have 0 products in your cart"
          class="_cart_3eb8eb"
          data-occupied="false"
          data-testid="cart-button"
        >
          <img
            alt=""
            role="presentation"
            src="/src/assets/icons/cart.svg"
          />
        </button>
      </nav>
    </div>
  </body>,
  "container": <div>
    <nav
      class="_navbar_3eb8eb"
      data-testid="navbar"
    >
      <img
        alt="Product logo"
        class="_logo_3eb8eb"
        src="/src/assets/images/logo.webp"
      />
      <ul
        class="_links_3eb8eb"
      >
        <li>
          <a
            href="/"
          >
            Home
          </a>
        </li>
        <li>
          <a
            href="/"
          >
            Products
          </a>
        </li>
        <li>
          <a
            href="/"
          >
            About
          </a>
        </li>
      </ul>
      <button
        aria-label="You have 0 products in your cart"
        class="_cart_3eb8eb"
        data-occupied="false"
        data-testid="cart-button"
      >
        <img
          alt=""
          role="presentation"
          src="/src/assets/icons/cart.svg"
        />
      </button>
    </nav>
  </div>,
  "debug": [Function],
  "findAllByAltText": [Function],
  "findAllByDisplayValue": [Function],
  "findAllByLabelText": [Function],
  "findAllByPlaceholderText": [Function],
  "findAllByRole": [Function],
  "findAllByTestId": [Function],
  "findAllByText": [Function],
  "findAllByTitle": [Function],
  "findByAltText": [Function],
  "findByDisplayValue": [Function],
  "findByLabelText": [Function],
  "findByPlaceholderText": [Function],
  "findByRole": [Function],
  "findByTestId": [Function],
  "findByText": [Function],
  "findByTitle": [Function],
  "getAllByAltText": [Function],
  "getAllByDisplayValue": [Function],
  "getAllByLabelText": [Function],
  "getAllByPlaceholderText": [Function],
  "getAllByRole": [Function],
  "getAllByTestId": [Function],
  "getAllByText": [Function],
  "getAllByTitle": [Function],
  "getByAltText": [Function],
  "getByDisplayValue": [Function],
  "getByLabelText": [Function],
  "getByPlaceholderText": [Function],
  "getByRole": [Function],
  "getByTestId": [Function],
  "getByText": [Function],
  "getByTitle": [Function],
  "queryAllByAltText": [Function],
  "queryAllByDisplayValue": [Function],
  "queryAllByLabelText": [Function],
  "queryAllByPlaceholderText": [Function],
  "queryAllByRole": [Function],
  "queryAllByTestId": [Function],
  "queryAllByText": [Function],
  "queryAllByTitle": [Function],
  "queryByAltText": [Function],
  "queryByDisplayValue": [Function],
  "queryByLabelText": [Function],
  "queryByPlaceholderText": [Function],
  "queryByRole": [Function],
  "queryByTestId": [Function],
  "queryByText": [Function],
  "queryByTitle": [Function],
  "rerender": [Function],
  "unmount": [Function],
}
`;
