// Vitest Snapshot v1, https://vitest.dev/guide/snapshot.html

exports[`Products listing > matches snapshot 1`] = `
{
  "asFragment": [Function],
  "baseElement": <body>
    <div>
      <div
        class="_container_49523f"
        data-testid="products"
      >
        <h1>
          Discover our latest collection!
        </h1>
        <p
          class="_description_49523f"
        >
          Featuring the freshest arrival and the hottest trends, our collection is the perfect way to stay ahead of the tech game and express your unique style.
        </p>
        <ul
          class="_productsList_49523f"
        >
          <li
            data-testid="listing-product"
          >
            <div
              class="_product_c590f4"
              data-id="0"
              data-testid="product"
            >
              <div
                class="_header_c590f4"
              >
                <div
                  class="_intro_c590f4"
                >
                  <p
                    class="_brand_c590f4"
                  />
                  <p
                    class="_title_c590f4"
                  />
                </div>
                <div
                  class="_price_c590f4"
                >
                  <p
                    aria-label="Current price"
                    class="_price_c590f4"
                    data-testid="final-price"
                  >
                    £NaN
                  </p>
                </div>
              </div>
              <img
                class="_thumbnail_c590f4"
                loading="lazy"
              />
              <div
                class="_footer_c590f4"
              >
                <button
                  class="_button_a9a5cd _addToCart_c590f4"
                  data-testid="button"
                >
                  <span>
                    Add to Cart
                  </span>
                </button>
              </div>
            </div>
          </li>
          <li
            data-testid="listing-product"
          >
            <div
              class="_product_c590f4"
              data-id="1"
              data-testid="product"
            >
              <div
                class="_header_c590f4"
              >
                <div
                  class="_intro_c590f4"
                >
                  <p
                    class="_brand_c590f4"
                  />
                  <p
                    class="_title_c590f4"
                  />
                </div>
                <div
                  class="_price_c590f4"
                >
                  <p
                    aria-label="Current price"
                    class="_price_c590f4"
                    data-testid="final-price"
                  >
                    £NaN
                  </p>
                </div>
              </div>
              <img
                class="_thumbnail_c590f4"
                loading="lazy"
              />
              <div
                class="_footer_c590f4"
              >
                <button
                  class="_button_a9a5cd _addToCart_c590f4"
                  data-testid="button"
                >
                  <span>
                    Add to Cart
                  </span>
                </button>
              </div>
            </div>
          </li>
          <li
            data-testid="listing-product"
          >
            <div
              class="_product_c590f4"
              data-id="2"
              data-testid="product"
            >
              <div
                class="_header_c590f4"
              >
                <div
                  class="_intro_c590f4"
                >
                  <p
                    class="_brand_c590f4"
                  />
                  <p
                    class="_title_c590f4"
                  />
                </div>
                <div
                  class="_price_c590f4"
                >
                  <p
                    aria-label="Current price"
                    class="_price_c590f4"
                    data-testid="final-price"
                  >
                    £NaN
                  </p>
                </div>
              </div>
              <img
                class="_thumbnail_c590f4"
                loading="lazy"
              />
              <div
                class="_footer_c590f4"
              >
                <button
                  class="_button_a9a5cd _addToCart_c590f4"
                  data-testid="button"
                >
                  <span>
                    Add to Cart
                  </span>
                </button>
              </div>
            </div>
          </li>
        </ul>
      </div>
    </div>
  </body>,
  "container": <div>
    <div
      class="_container_49523f"
      data-testid="products"
    >
      <h1>
        Discover our latest collection!
      </h1>
      <p
        class="_description_49523f"
      >
        Featuring the freshest arrival and the hottest trends, our collection is the perfect way to stay ahead of the tech game and express your unique style.
      </p>
      <ul
        class="_productsList_49523f"
      >
        <li
          data-testid="listing-product"
        >
          <div
            class="_product_c590f4"
            data-id="0"
            data-testid="product"
          >
            <div
              class="_header_c590f4"
            >
              <div
                class="_intro_c590f4"
              >
                <p
                  class="_brand_c590f4"
                />
                <p
                  class="_title_c590f4"
                />
              </div>
              <div
                class="_price_c590f4"
              >
                <p
                  aria-label="Current price"
                  class="_price_c590f4"
                  data-testid="final-price"
                >
                  £NaN
                </p>
              </div>
            </div>
            <img
              class="_thumbnail_c590f4"
              loading="lazy"
            />
            <div
              class="_footer_c590f4"
            >
              <button
                class="_button_a9a5cd _addToCart_c590f4"
                data-testid="button"
              >
                <span>
                  Add to Cart
                </span>
              </button>
            </div>
          </div>
        </li>
        <li
          data-testid="listing-product"
        >
          <div
            class="_product_c590f4"
            data-id="1"
            data-testid="product"
          >
            <div
              class="_header_c590f4"
            >
              <div
                class="_intro_c590f4"
              >
                <p
                  class="_brand_c590f4"
                />
                <p
                  class="_title_c590f4"
                />
              </div>
              <div
                class="_price_c590f4"
              >
                <p
                  aria-label="Current price"
                  class="_price_c590f4"
                  data-testid="final-price"
                >
                  £NaN
                </p>
              </div>
            </div>
            <img
              class="_thumbnail_c590f4"
              loading="lazy"
            />
            <div
              class="_footer_c590f4"
            >
              <button
                class="_button_a9a5cd _addToCart_c590f4"
                data-testid="button"
              >
                <span>
                  Add to Cart
                </span>
              </button>
            </div>
          </div>
        </li>
        <li
          data-testid="listing-product"
        >
          <div
            class="_product_c590f4"
            data-id="2"
            data-testid="product"
          >
            <div
              class="_header_c590f4"
            >
              <div
                class="_intro_c590f4"
              >
                <p
                  class="_brand_c590f4"
                />
                <p
                  class="_title_c590f4"
                />
              </div>
              <div
                class="_price_c590f4"
              >
                <p
                  aria-label="Current price"
                  class="_price_c590f4"
                  data-testid="final-price"
                >
                  £NaN
                </p>
              </div>
            </div>
            <img
              class="_thumbnail_c590f4"
              loading="lazy"
            />
            <div
              class="_footer_c590f4"
            >
              <button
                class="_button_a9a5cd _addToCart_c590f4"
                data-testid="button"
              >
                <span>
                  Add to Cart
                </span>
              </button>
            </div>
          </div>
        </li>
      </ul>
    </div>
  </div>,
  "debug": [Function],
  "findAllByAltText": [Function],
  "findAllByDisplayValue": [Function],
  "findAllByLabelText": [Function],
  "findAllByPlaceholderText": [Function],
  "findAllByRole": [Function],
  "findAllByTestId": [Function],
  "findAllByText": [Function],
  "findAllByTitle": [Function],
  "findByAltText": [Function],
  "findByDisplayValue": [Function],
  "findByLabelText": [Function],
  "findByPlaceholderText": [Function],
  "findByRole": [Function],
  "findByTestId": [Function],
  "findByText": [Function],
  "findByTitle": [Function],
  "getAllByAltText": [Function],
  "getAllByDisplayValue": [Function],
  "getAllByLabelText": [Function],
  "getAllByPlaceholderText": [Function],
  "getAllByRole": [Function],
  "getAllByTestId": [Function],
  "getAllByText": [Function],
  "getAllByTitle": [Function],
  "getByAltText": [Function],
  "getByDisplayValue": [Function],
  "getByLabelText": [Function],
  "getByPlaceholderText": [Function],
  "getByRole": [Function],
  "getByTestId": [Function],
  "getByText": [Function],
  "getByTitle": [Function],
  "queryAllByAltText": [Function],
  "queryAllByDisplayValue": [Function],
  "queryAllByLabelText": [Function],
  "queryAllByPlaceholderText": [Function],
  "queryAllByRole": [Function],
  "queryAllByTestId": [Function],
  "queryAllByText": [Function],
  "queryAllByTitle": [Function],
  "queryByAltText": [Function],
  "queryByDisplayValue": [Function],
  "queryByLabelText": [Function],
  "queryByPlaceholderText": [Function],
  "queryByRole": [Function],
  "queryByTestId": [Function],
  "queryByText": [Function],
  "queryByTitle": [Function],
  "rerender": [Function],
  "unmount": [Function],
}
`;
